// Jest Snapshot v1, https://goo.gl/fbAQLP

exports[`CarouselSlide renders correctly 1`] = `
<figure
  attribute="Attribute"
>
  <CarouselSlide__DefaultImg
    imgHeight={500}
    src="https://example.com/image.png"
  />
  <figcaption>
    <strong>
      Decription
    </strong>
     
  </figcaption>
</figure>
`;

exports[`Img renders correctly 1`] = `
.c0 {
  object-fit: cover;
  width: 100%;
  height: 500px;
}

<img
  className="c0"
  src="https://example.com/image.png"
/>
`;
